{
  "version": "1.5.0",
  "plugins_used": [
    {
      "name": "ArtifactoryDetector"
    },
    {
      "name": "AWSKeyDetector"
    },
    {
      "name": "AzureStorageKeyDetector"
    },
    {
      "name": "Base64HighEntropyString",
      "limit": 4.5
    },
    {
      "name": "BasicAuthDetector"
    },
    {
      "name": "CloudantDetector"
    },
    {
      "name": "DiscordBotTokenDetector"
    },
    {
      "name": "GitHubTokenDetector"
    },
    {
      "name": "GitLabTokenDetector"
    },
    {
      "name": "HexHighEntropyString",
      "limit": 3.0
    },
    {
      "name": "IbmCloudIamDetector"
    },
    {
      "name": "IbmCosHmacDetector"
    },
    {
      "name": "IPPublicDetector"
    },
    {
      "name": "JwtTokenDetector"
    },
    {
      "name": "KeywordDetector",
      "keyword_exclude": ""
    },
    {
      "name": "MailchimpDetector"
    },
    {
      "name": "NpmDetector"
    },
    {
      "name": "OpenAIDetector"
    },
    {
      "name": "PrivateKeyDetector"
    },
    {
      "name": "PypiTokenDetector"
    },
    {
      "name": "SendGridDetector"
    },
    {
      "name": "SlackDetector"
    },
    {
      "name": "SoftlayerDetector"
    },
    {
      "name": "SquareOAuthDetector"
    },
    {
      "name": "StripeDetector"
    },
    {
      "name": "TelegramBotTokenDetector"
    },
    {
      "name": "TwilioKeyDetector"
    }
  ],
  "filters_used": [
    {
      "path": "detect_secrets.filters.allowlist.is_line_allowlisted"
    },
    {
      "path": "detect_secrets.filters.common.is_ignored_due_to_verification_policies",
      "min_level": 2
    },
    {
      "path": "detect_secrets.filters.heuristic.is_indirect_reference"
    },
    {
      "path": "detect_secrets.filters.heuristic.is_likely_id_string"
    },
    {
      "path": "detect_secrets.filters.heuristic.is_lock_file"
    },
    {
      "path": "detect_secrets.filters.heuristic.is_not_alphanumeric_string"
    },
    {
      "path": "detect_secrets.filters.heuristic.is_potential_uuid"
    },
    {
      "path": "detect_secrets.filters.heuristic.is_prefixed_with_dollar_sign"
    },
    {
      "path": "detect_secrets.filters.heuristic.is_sequential_string"
    },
    {
      "path": "detect_secrets.filters.heuristic.is_swagger_file"
    },
    {
      "path": "detect_secrets.filters.heuristic.is_templated_secret"
    },
    {
      "path": "detect_secrets.filters.regex.should_exclude_file",
      "pattern": [
        "node_modules/",
        "package-lock\\.json",
        "sandbox-exec/bin/",
        "\\.secrets\\.baseline$",
        "^control-plane/\\.claude/",
        "^control-plane/\\.cursor/",
        "^control-plane/docs/",
        "^control-plane/templates/",
        "^control-plane/convex/clerk-webhook-events-catalog\\.md$",
        "^factory/generated/\\.secrets\\.baseline$"
      ]
    }
  ],
  "results": {
    "control-plane/app/dashboard/security/page.tsx": [
      {
        "type": "Secret Keyword",
        "filename": "control-plane/app/dashboard/security/page.tsx",
        "hashed_secret": "8f16563f8a1751c141fd1c47148369ca1c380bb1",
        "is_verified": false,
        "line_number": 125
      }
    ],
    "control-plane/app/dashboard/security/security-events-feed.tsx": [
      {
        "type": "Secret Keyword",
        "filename": "control-plane/app/dashboard/security/security-events-feed.tsx",
        "hashed_secret": "8f16563f8a1751c141fd1c47148369ca1c380bb1",
        "is_verified": false,
        "line_number": 99
      }
    ],
    "control-plane/lib/factory/capabilities.ts": [
      {
        "type": "Secret Keyword",
        "filename": "control-plane/lib/factory/capabilities.ts",
        "hashed_secret": "88e61ee2b0f0eb60ea8dcae0863c9b50c7d155ed",
        "is_verified": false,
        "line_number": 14
      },
      {
        "type": "Secret Keyword",
        "filename": "control-plane/lib/factory/capabilities.ts",
        "hashed_secret": "9d0f17acc4d034b4bf1bd958f633d0096be3e60c",
        "is_verified": false,
        "line_number": 25
      }
    ],
    "docs/design.md": [
      {
        "type": "Secret Keyword",
        "filename": "docs/design.md",
        "hashed_secret": "88e61ee2b0f0eb60ea8dcae0863c9b50c7d155ed",
        "is_verified": false,
        "line_number": 259
      },
      {
        "type": "Secret Keyword",
        "filename": "docs/design.md",
        "hashed_secret": "9d0f17acc4d034b4bf1bd958f633d0096be3e60c",
        "is_verified": false,
        "line_number": 397
      },
      {
        "type": "Secret Keyword",
        "filename": "docs/design.md",
        "hashed_secret": "c7c3cad3f9c5912bbf4da0b395579cb7faa7ae72",
        "is_verified": false,
        "line_number": 587
      }
    ],
    "spec/examples/acme-analytics.json": [
      {
        "type": "Secret Keyword",
        "filename": "spec/examples/acme-analytics.json",
        "hashed_secret": "88e61ee2b0f0eb60ea8dcae0863c9b50c7d155ed",
        "is_verified": false,
        "line_number": 8
      }
    ]
  },
  "generated_at": "2026-09-09T16:30:36Z"
}
